Component: ARM Compiler 5.06 update 6 (build 750) Tool: armlink [4d35ed]

==============================================================================

Section Cross References

    startup_stm32f042x6.o(RESET) refers to startup_stm32f042x6.o(STACK) for __initial_sp
    startup_stm32f042x6.o(RESET) refers to startup_stm32f042x6.o(.text) for Reset_Handler
    startup_stm32f042x6.o(RESET) refers to main.o(i.NMI_Handler) for NMI_Handler
    startup_stm32f042x6.o(RESET) refers to main.o(i.HardFault_Handler) for HardFault_Handler
    startup_stm32f042x6.o(RESET) refers to main.o(i.SVC_Handler) for SVC_Handler
    startup_stm32f042x6.o(RESET) refers to main.o(i.PendSV_Handler) for PendSV_Handler
    startup_stm32f042x6.o(RESET) refers to main.o(i.SysTick_Handler) for SysTick_Handler
    startup_stm32f042x6.o(RESET) refers to main.o(i.RCC_CRS_IRQHandler) for RCC_CRS_IRQHandler
    startup_stm32f042x6.o(RESET) refers to main.o(i.CEC_CAN_IRQHandler) for CEC_CAN_IRQHandler
    startup_stm32f042x6.o(.text) refers to startup_stm32f042x6.o(STACK) for __initial_sp
    startup_stm32f042x6.o(.text) refers to system_stm32f0xx.o(i.SystemInit) for SystemInit
    startup_stm32f042x6.o(.text) refers to entry.o(.ARM.Collect$$$$00000000) for __main
    system_stm32f0xx.o(i.SystemCoreClockUpdate) refers to uidiv.o(.text) for __aeabi_uidivmod
    system_stm32f0xx.o(i.SystemCoreClockUpdate) refers to system_stm32f0xx.o(.data) for SystemCoreClock
    system_stm32f0xx.o(i.SystemInit) refers to system_stm32f0xx.o(i.SetSysClock) for SetSysClock
    main.o(i.CAN_Transmit) refers to main.o(.data) for CAN_TX_Data
    main.o(i.CEC_CAN_IRQHandler) refers to main.o(i.CAN_Receive) for CAN_Receive
    main.o(i.CEC_CAN_IRQHandler) refers to main.o(i.copy_Buffer) for copy_Buffer
    main.o(i.CEC_CAN_IRQHandler) refers to main.o(i.CRC_Calculate) for CRC_Calculate
    main.o(i.CEC_CAN_IRQHandler) refers to main.o(i.FLASH_ErasePage) for FLASH_ErasePage
    main.o(i.CEC_CAN_IRQHandler) refers to main.o(i.FLASH_ProgramWord) for FLASH_ProgramWord
    main.o(i.CEC_CAN_IRQHandler) refers to main.o(i.TransmitResponsePacket) for TransmitResponsePacket
    main.o(i.CEC_CAN_IRQHandler) refers to main.o(i.NVIC_EnableIRQ) for NVIC_EnableIRQ
    main.o(i.CEC_CAN_IRQHandler) refers to main.o(i.clear_Buffer) for clear_Buffer
    main.o(i.CEC_CAN_IRQHandler) refers to main.o(.bss) for CAN_RX
    main.o(i.CEC_CAN_IRQHandler) refers to main.o(.data) for blState
    main.o(i.FLASH_ErasePage) refers to main.o(i.FLASH_WaitForLastOperation) for FLASH_WaitForLastOperation
    main.o(i.FLASH_ProgramWord) refers to main.o(i.FLASH_WaitForLastOperation) for FLASH_WaitForLastOperation
    main.o(i.FLASH_WaitForLastOperation) refers to main.o(i.FLASH_GetStatus) for FLASH_GetStatus
    main.o(i.SysTick_Handler) refers to main.o(.data) for ticks_delay
    main.o(i.TransmitResponsePacket) refers to main.o(i.CAN_Transmit) for CAN_Transmit
    main.o(i.TransmitResponsePacket) refers to main.o(.data) for CAN_TX_Data
    main.o(i.delay_ms) refers to main.o(.data) for ticks_delay
    main.o(i.main) refers to main.o(i.NVIC_SetPriority) for NVIC_SetPriority
    main.o(i.main) refers to main.o(i.Init_RCC) for Init_RCC
    main.o(i.main) refers to main.o(i.Remap_pin) for Remap_pin
    main.o(i.main) refers to main.o(i.Configure_GPIO_CAN) for Configure_GPIO_CAN
    main.o(i.main) refers to main.o(i.Configure_CAN) for Configure_CAN
    main.o(i.main) refers to main.o(i.CRC_Init) for CRC_Init
    main.o(i.main) refers to main.o(i.delay_ms) for delay_ms
    main.o(i.main) refers to main.o(i.JumpToApplication) for JumpToApplication
    main.o(i.main) refers to main.o(.data) for blState
    entry.o(.ARM.Collect$$$$00000000) refers (Special) to entry10a.o(.ARM.Collect$$$$0000000D) for __rt_final_cpp
    entry.o(.ARM.Collect$$$$00000000) refers (Special) to entry11a.o(.ARM.Collect$$$$0000000F) for __rt_final_exit
    entry.o(.ARM.Collect$$$$00000000) refers (Special) to entry7b.o(.ARM.Collect$$$$00000008) for _main_clock
    entry.o(.ARM.Collect$$$$00000000) refers (Special) to entry8b.o(.ARM.Collect$$$$0000000A) for _main_cpp_init
    entry.o(.ARM.Collect$$$$00000000) refers (Special) to entry9a.o(.ARM.Collect$$$$0000000B) for _main_init
    entry.o(.ARM.Collect$$$$00000000) refers (Special) to entry5.o(.ARM.Collect$$$$00000004) for _main_scatterload
    entry.o(.ARM.Collect$$$$00000000) refers (Special) to entry2.o(.ARM.Collect$$$$00000001) for _main_stk
    entry2.o(.ARM.Collect$$$$00000001) refers to entry2.o(.ARM.Collect$$$$00002712) for __lit__00000000
    entry2.o(.ARM.Collect$$$$00002712) refers to startup_stm32f042x6.o(STACK) for __initial_sp
    entry2.o(__vectab_stack_and_reset_area) refers to startup_stm32f042x6.o(STACK) for __initial_sp
    entry2.o(__vectab_stack_and_reset_area) refers to entry.o(.ARM.Collect$$$$00000000) for __main
    entry5.o(.ARM.Collect$$$$00000004) refers to init.o(.text) for __scatterload
    entry9a.o(.ARM.Collect$$$$0000000B) refers to main.o(i.main) for main
    entry9b.o(.ARM.Collect$$$$0000000C) refers to main.o(i.main) for main
    init.o(.text) refers to entry5.o(.ARM.Collect$$$$00000004) for __main_after_scatterload
    main.o(i.JumpToApplication) refers to main.o(i.DeInit) for DeInit
    main.o(i.JumpToApplication) refers to main.o(.data) for JumpAddress
    main.o(i.Configure_CAN) refers to main.o(i.NVIC_SetPriority) for NVIC_SetPriority
    main.o(i.Configure_CAN) refers to main.o(i.NVIC_EnableIRQ) for NVIC_EnableIRQ
    main.o(i.Init_RCC) refers to main.o(i.NVIC_EnableIRQ) for NVIC_EnableIRQ
    main.o(i.Init_RCC) refers to main.o(i.NVIC_SetPriority) for NVIC_SetPriority


==============================================================================

Removing Unused input sections from the image.

    Removing startup_stm32f042x6.o(HEAP), (512 bytes).
    Removing system_stm32f0xx.o(.rev16_text), (4 bytes).
    Removing system_stm32f0xx.o(.revsh_text), (4 bytes).
    Removing system_stm32f0xx.o(i.SystemCoreClockUpdate), (208 bytes).
    Removing system_stm32f0xx.o(.data), (20 bytes).
    Removing main.o(.rev16_text), (4 bytes).
    Removing main.o(.revsh_text), (4 bytes).

7 unused section(s) (total 756 bytes) removed from the image.

==============================================================================

Image Symbol Table

    Local Symbols

    Symbol Name                              Value     Ov Type        Size  Object(Section)

    ../clib/microlib/division.c              0x00000000   Number         0  uidiv.o ABSOLUTE
    ../clib/microlib/init/entry.s            0x00000000   Number         0  entry10b.o ABSOLUTE
    ../clib/microlib/init/entry.s            0x00000000   Number         0  entry7b.o ABSOLUTE
    ../clib/microlib/init/entry.s            0x00000000   Number         0  entry7a.o ABSOLUTE
    ../clib/microlib/init/entry.s            0x00000000   Number         0  entry5.o ABSOLUTE
    ../clib/microlib/init/entry.s            0x00000000   Number         0  entry2.o ABSOLUTE
    ../clib/microlib/init/entry.s            0x00000000   Number         0  entry.o ABSOLUTE
    ../clib/microlib/init/entry.s            0x00000000   Number         0  entry11b.o ABSOLUTE
    ../clib/microlib/init/entry.s            0x00000000   Number         0  entry11a.o ABSOLUTE
    ../clib/microlib/init/entry.s            0x00000000   Number         0  entry10a.o ABSOLUTE
    ../clib/microlib/init/entry.s            0x00000000   Number         0  entry9b.o ABSOLUTE
    ../clib/microlib/init/entry.s            0x00000000   Number         0  entry9a.o ABSOLUTE
    ../clib/microlib/init/entry.s            0x00000000   Number         0  entry8b.o ABSOLUTE
    ../clib/microlib/init/entry.s            0x00000000   Number         0  entry8a.o ABSOLUTE
    ..\Libraries\CMSIS\Device\ST\STM32F0xx\Source\Templates\arm\startup_stm32f042x6.s 0x00000000   Number         0  startup_stm32f042x6.o ABSOLUTE
    ..\\main.c                               0x00000000   Number         0  main.o ABSOLUTE
    ..\\system_stm32f0xx.c                   0x00000000   Number         0  system_stm32f0xx.o ABSOLUTE
    ..\main.c                                0x00000000   Number         0  main.o ABSOLUTE
    ..\system_stm32f0xx.c                    0x00000000   Number         0  system_stm32f0xx.o ABSOLUTE
    dc.s                                     0x00000000   Number         0  dc.o ABSOLUTE
    handlers.s                               0x00000000   Number         0  handlers.o ABSOLUTE
    init.s                                   0x00000000   Number         0  init.o ABSOLUTE
    RESET                                    0x08000000   Section      192  startup_stm32f042x6.o(RESET)
    .ARM.Collect$$$$00000000                 0x080000c0   Section        0  entry.o(.ARM.Collect$$$$00000000)
    .ARM.Collect$$$$00000001                 0x080000c0   Section        4  entry2.o(.ARM.Collect$$$$00000001)
    .ARM.Collect$$$$00000004                 0x080000c4   Section        4  entry5.o(.ARM.Collect$$$$00000004)
    .ARM.Collect$$$$00000008                 0x080000c8   Section        0  entry7b.o(.ARM.Collect$$$$00000008)
    .ARM.Collect$$$$0000000A                 0x080000c8   Section        0  entry8b.o(.ARM.Collect$$$$0000000A)
    .ARM.Collect$$$$0000000B                 0x080000c8   Section        8  entry9a.o(.ARM.Collect$$$$0000000B)
    .ARM.Collect$$$$0000000D                 0x080000d0   Section        0  entry10a.o(.ARM.Collect$$$$0000000D)
    .ARM.Collect$$$$0000000F                 0x080000d0   Section        0  entry11a.o(.ARM.Collect$$$$0000000F)
    .ARM.Collect$$$$00002712                 0x080000d0   Section        4  entry2.o(.ARM.Collect$$$$00002712)
    __lit__00000000                          0x080000d0   Data           4  entry2.o(.ARM.Collect$$$$00002712)
    .text                                    0x080000d4   Section       88  startup_stm32f042x6.o(.text)
    .text                                    0x0800012c   Section       36  init.o(.text)
    i.CAN_Receive                            0x08000150   Section        0  main.o(i.CAN_Receive)
    i.CAN_Transmit                           0x080001f0   Section        0  main.o(i.CAN_Transmit)
    i.CEC_CAN_IRQHandler                     0x08000268   Section        0  main.o(i.CEC_CAN_IRQHandler)
    i.CRC_Calculate                          0x08000408   Section        0  main.o(i.CRC_Calculate)
    i.CRC_Init                               0x08000438   Section        0  main.o(i.CRC_Init)
    i.Configure_CAN                          0x08000458   Section        0  main.o(i.Configure_CAN)
    i.Configure_GPIO_CAN                     0x08000510   Section        0  main.o(i.Configure_GPIO_CAN)
    i.DeInit                                 0x08000558   Section        0  main.o(i.DeInit)
    i.FLASH_ErasePage                        0x080005ac   Section        0  main.o(i.FLASH_ErasePage)
    i.FLASH_GetStatus                        0x080005f8   Section        0  main.o(i.FLASH_GetStatus)
    i.FLASH_ProgramWord                      0x08000634   Section        0  main.o(i.FLASH_ProgramWord)
    i.FLASH_WaitForLastOperation             0x080006a0   Section        0  main.o(i.FLASH_WaitForLastOperation)
    i.HardFault_Handler                      0x080006c8   Section        0  main.o(i.HardFault_Handler)
    i.Init_RCC                               0x080006cc   Section        0  main.o(i.Init_RCC)
    i.JumpToApplication                      0x080007c4   Section        0  main.o(i.JumpToApplication)
    i.NMI_Handler                            0x080007f0   Section        0  main.o(i.NMI_Handler)
    i.NVIC_EnableIRQ                         0x08000810   Section        0  main.o(i.NVIC_EnableIRQ)
    NVIC_EnableIRQ                           0x08000811   Thumb Code    14  main.o(i.NVIC_EnableIRQ)
    i.NVIC_SetPriority                       0x08000824   Section        0  main.o(i.NVIC_SetPriority)
    NVIC_SetPriority                         0x08000825   Thumb Code   110  main.o(i.NVIC_SetPriority)
    i.PendSV_Handler                         0x0800089c   Section        0  main.o(i.PendSV_Handler)
    i.RCC_CRS_IRQHandler                     0x080008a0   Section        0  main.o(i.RCC_CRS_IRQHandler)
    i.Remap_pin                              0x080008cc   Section        0  main.o(i.Remap_pin)
    i.SVC_Handler                            0x080008fc   Section        0  main.o(i.SVC_Handler)
    i.SetSysClock                            0x08000900   Section        0  system_stm32f0xx.o(i.SetSysClock)
    SetSysClock                              0x08000901   Thumb Code   118  system_stm32f0xx.o(i.SetSysClock)
    i.SysTick_Handler                        0x08000980   Section        0  main.o(i.SysTick_Handler)
    i.SystemInit                             0x08000990   Section        0  system_stm32f0xx.o(i.SystemInit)
    i.TransmitResponsePacket                 0x08000a0c   Section        0  main.o(i.TransmitResponsePacket)
    i.__scatterload_copy                     0x08000a20   Section       14  handlers.o(i.__scatterload_copy)
    i.__scatterload_null                     0x08000a2e   Section        2  handlers.o(i.__scatterload_null)
    i.__scatterload_zeroinit                 0x08000a30   Section       14  handlers.o(i.__scatterload_zeroinit)
    i.clear_Buffer                           0x08000a3e   Section        0  main.o(i.clear_Buffer)
    i.copy_Buffer                            0x08000a54   Section        0  main.o(i.copy_Buffer)
    i.delay_ms                               0x08000a6c   Section        0  main.o(i.delay_ms)
    i.main                                   0x08000a84   Section        0  main.o(i.main)
    .data                                    0x20000000   Section       32  main.o(.data)
    .bss                                     0x20000020   Section     1068  main.o(.bss)
    STACK                                    0x20000450   Section     1024  startup_stm32f042x6.o(STACK)

    Global Symbols

    Symbol Name                              Value     Ov Type        Size  Object(Section)

    BuildAttributes$$THM_ISAv3M$S$PE$A:L22$X:L11$S22$IEEE1$IW$USESV6$~STKCKD$USESV7$~SHL$OSPACE$EBA8$MICROLIB$REQ8$PRES8$EABIv2 0x00000000   Number         0  anon$$obj.o ABSOLUTE
    __ARM_use_no_argv                        0x00000000   Number         0  main.o ABSOLUTE
    __cpp_initialize__aeabi_                  - Undefined Weak Reference
    __cxa_finalize                            - Undefined Weak Reference
    __decompress                              - Undefined Weak Reference
    _clock_init                               - Undefined Weak Reference
    _microlib_exit                            - Undefined Weak Reference
    __Vectors_Size                           0x000000c0   Number         0  startup_stm32f042x6.o ABSOLUTE
    __Vectors                                0x08000000   Data           4  startup_stm32f042x6.o(RESET)
    __Vectors_End                            0x080000c0   Data           0  startup_stm32f042x6.o(RESET)
    __main                                   0x080000c1   Thumb Code     0  entry.o(.ARM.Collect$$$$00000000)
    _main_stk                                0x080000c1   Thumb Code     0  entry2.o(.ARM.Collect$$$$00000001)
    _main_scatterload                        0x080000c5   Thumb Code     0  entry5.o(.ARM.Collect$$$$00000004)
    __main_after_scatterload                 0x080000c9   Thumb Code     0  entry5.o(.ARM.Collect$$$$00000004)
    _main_clock                              0x080000c9   Thumb Code     0  entry7b.o(.ARM.Collect$$$$00000008)
    _main_cpp_init                           0x080000c9   Thumb Code     0  entry8b.o(.ARM.Collect$$$$0000000A)
    _main_init                               0x080000c9   Thumb Code     0  entry9a.o(.ARM.Collect$$$$0000000B)
    __rt_final_cpp                           0x080000d1   Thumb Code     0  entry10a.o(.ARM.Collect$$$$0000000D)
    __rt_final_exit                          0x080000d1   Thumb Code     0  entry11a.o(.ARM.Collect$$$$0000000F)
    Reset_Handler                            0x080000d5   Thumb Code    38  startup_stm32f042x6.o(.text)
    ADC1_IRQHandler                          0x08000105   Thumb Code     0  startup_stm32f042x6.o(.text)
    DMA1_Channel1_IRQHandler                 0x08000105   Thumb Code     0  startup_stm32f042x6.o(.text)
    DMA1_Channel2_3_IRQHandler               0x08000105   Thumb Code     0  startup_stm32f042x6.o(.text)
    DMA1_Channel4_5_IRQHandler               0x08000105   Thumb Code     0  startup_stm32f042x6.o(.text)
    EXTI0_1_IRQHandler                       0x08000105   Thumb Code     0  startup_stm32f042x6.o(.text)
    EXTI2_3_IRQHandler                       0x08000105   Thumb Code     0  startup_stm32f042x6.o(.text)
    EXTI4_15_IRQHandler                      0x08000105   Thumb Code     0  startup_stm32f042x6.o(.text)
    FLASH_IRQHandler                         0x08000105   Thumb Code     0  startup_stm32f042x6.o(.text)
    I2C1_IRQHandler                          0x08000105   Thumb Code     0  startup_stm32f042x6.o(.text)
    PVD_VDDIO2_IRQHandler                    0x08000105   Thumb Code     0  startup_stm32f042x6.o(.text)
    RTC_IRQHandler                           0x08000105   Thumb Code     0  startup_stm32f042x6.o(.text)
    SPI1_IRQHandler                          0x08000105   Thumb Code     0  startup_stm32f042x6.o(.text)
    SPI2_IRQHandler                          0x08000105   Thumb Code     0  startup_stm32f042x6.o(.text)
    TIM14_IRQHandler                         0x08000105   Thumb Code     0  startup_stm32f042x6.o(.text)
    TIM16_IRQHandler                         0x08000105   Thumb Code     0  startup_stm32f042x6.o(.text)
    TIM17_IRQHandler                         0x08000105   Thumb Code     0  startup_stm32f042x6.o(.text)
    TIM1_BRK_UP_TRG_COM_IRQHandler           0x08000105   Thumb Code     0  startup_stm32f042x6.o(.text)
    TIM1_CC_IRQHandler                       0x08000105   Thumb Code     0  startup_stm32f042x6.o(.text)
    TIM2_IRQHandler                          0x08000105   Thumb Code     0  startup_stm32f042x6.o(.text)
    TIM3_IRQHandler                          0x08000105   Thumb Code     0  startup_stm32f042x6.o(.text)
    TSC_IRQHandler                           0x08000105   Thumb Code     0  startup_stm32f042x6.o(.text)
    USART1_IRQHandler                        0x08000105   Thumb Code     0  startup_stm32f042x6.o(.text)
    USART2_IRQHandler                        0x08000105   Thumb Code     0  startup_stm32f042x6.o(.text)
    USB_IRQHandler                           0x08000105   Thumb Code     0  startup_stm32f042x6.o(.text)
    WWDG_IRQHandler                          0x08000105   Thumb Code     0  startup_stm32f042x6.o(.text)
    __scatterload                            0x0800012d   Thumb Code    28  init.o(.text)
    __scatterload_rt2                        0x0800012d   Thumb Code     0  init.o(.text)
    CAN_Receive                              0x08000151   Thumb Code   150  main.o(i.CAN_Receive)
    CAN_Transmit                             0x080001f1   Thumb Code   104  main.o(i.CAN_Transmit)
    CEC_CAN_IRQHandler                       0x08000269   Thumb Code   368  main.o(i.CEC_CAN_IRQHandler)
    CRC_Calculate                            0x08000409   Thumb Code    42  main.o(i.CRC_Calculate)
    CRC_Init                                 0x08000439   Thumb Code    22  main.o(i.CRC_Init)
    Configure_CAN                            0x08000459   Thumb Code   164  main.o(i.Configure_CAN)
    Configure_GPIO_CAN                       0x08000511   Thumb Code    66  main.o(i.Configure_GPIO_CAN)
    DeInit                                   0x08000559   Thumb Code    80  main.o(i.DeInit)
    FLASH_ErasePage                          0x080005ad   Thumb Code    72  main.o(i.FLASH_ErasePage)
    FLASH_GetStatus                          0x080005f9   Thumb Code    54  main.o(i.FLASH_GetStatus)
    FLASH_ProgramWord                        0x08000635   Thumb Code   104  main.o(i.FLASH_ProgramWord)
    FLASH_WaitForLastOperation               0x080006a1   Thumb Code    40  main.o(i.FLASH_WaitForLastOperation)
    HardFault_Handler                        0x080006c9   Thumb Code     4  main.o(i.HardFault_Handler)
    Init_RCC                                 0x080006cd   Thumb Code   242  main.o(i.Init_RCC)
    JumpToApplication                        0x080007c5   Thumb Code    34  main.o(i.JumpToApplication)
    NMI_Handler                              0x080007f1   Thumb Code    26  main.o(i.NMI_Handler)
    PendSV_Handler                           0x0800089d   Thumb Code     2  main.o(i.PendSV_Handler)
    RCC_CRS_IRQHandler                       0x080008a1   Thumb Code    38  main.o(i.RCC_CRS_IRQHandler)
    Remap_pin                                0x080008cd   Thumb Code    38  main.o(i.Remap_pin)
    SVC_Handler                              0x080008fd   Thumb Code     2  main.o(i.SVC_Handler)
    SysTick_Handler                          0x08000981   Thumb Code    12  main.o(i.SysTick_Handler)
    SystemInit                               0x08000991   Thumb Code   110  system_stm32f0xx.o(i.SystemInit)
    TransmitResponsePacket                   0x08000a0d   Thumb Code    14  main.o(i.TransmitResponsePacket)
    __scatterload_copy                       0x08000a21   Thumb Code    14  handlers.o(i.__scatterload_copy)
    __scatterload_null                       0x08000a2f   Thumb Code     2  handlers.o(i.__scatterload_null)
    __scatterload_zeroinit                   0x08000a31   Thumb Code    14  handlers.o(i.__scatterload_zeroinit)
    clear_Buffer                             0x08000a3f   Thumb Code    22  main.o(i.clear_Buffer)
    copy_Buffer                              0x08000a55   Thumb Code    22  main.o(i.copy_Buffer)
    delay_ms                                 0x08000a6d   Thumb Code    18  main.o(i.delay_ms)
    main                                     0x08000a85   Thumb Code   100  main.o(i.main)
    Region$$Table$$Base                      0x08000af8   Number         0  anon$$obj.o(Region$$Table)
    Region$$Table$$Limit                     0x08000b18   Number         0  anon$$obj.o(Region$$Table)
    ticks_delay                              0x20000000   Data           4  main.o(.data)
    CAN_TX_Data                              0x20000004   Data           8  main.o(.data)
    PageBufferPtr                            0x2000000c   Data           4  main.o(.data)
    PageIndex                                0x20000010   Data           1  main.o(.data)
    PageCRC                                  0x20000014   Data           4  main.o(.data)
    blState                                  0x20000018   Data           1  main.o(.data)
    JumpAddress                              0x2000001c   Data           4  main.o(.data)
    PageBuffer                               0x20000020   Data        1024  main.o(.bss)
    CAN_RX                                   0x20000420   Data          24  main.o(.bss)
    CAN_TX                                   0x20000438   Data          20  main.o(.bss)
    __initial_sp                             0x20000850   Data           0  startup_stm32f042x6.o(STACK)



==============================================================================

Memory Map of the image

  Image Entry point : 0x080000c1

  Load Region LR_IROM1 (Base: 0x08000000, Size: 0x00000b38, Max: 0x00008000, ABSOLUTE)

    Execution Region ER_IROM1 (Exec base: 0x08000000, Load base: 0x08000000, Size: 0x00000b18, Max: 0x00008000, ABSOLUTE)

    Exec Addr    Load Addr    Size         Type   Attr      Idx    E Section Name        Object

    0x08000000   0x08000000   0x000000c0   Data   RO            3    RESET               startup_stm32f042x6.o
    0x080000c0   0x080000c0   0x00000000   Code   RO          265  * .ARM.Collect$$$$00000000  mc_p.l(entry.o)
    0x080000c0   0x080000c0   0x00000004   Code   RO          270    .ARM.Collect$$$$00000001  mc_p.l(entry2.o)
    0x080000c4   0x080000c4   0x00000004   Code   RO          273    .ARM.Collect$$$$00000004  mc_p.l(entry5.o)
    0x080000c8   0x080000c8   0x00000000   Code   RO          275    .ARM.Collect$$$$00000008  mc_p.l(entry7b.o)
    0x080000c8   0x080000c8   0x00000000   Code   RO          277    .ARM.Collect$$$$0000000A  mc_p.l(entry8b.o)
    0x080000c8   0x080000c8   0x00000008   Code   RO          278    .ARM.Collect$$$$0000000B  mc_p.l(entry9a.o)
    0x080000d0   0x080000d0   0x00000000   Code   RO          280    .ARM.Collect$$$$0000000D  mc_p.l(entry10a.o)
    0x080000d0   0x080000d0   0x00000000   Code   RO          282    .ARM.Collect$$$$0000000F  mc_p.l(entry11a.o)
    0x080000d0   0x080000d0   0x00000004   Code   RO          271    .ARM.Collect$$$$00002712  mc_p.l(entry2.o)
    0x080000d4   0x080000d4   0x00000058   Code   RO            4    .text               startup_stm32f042x6.o
    0x0800012c   0x0800012c   0x00000024   Code   RO          284    .text               mc_p.l(init.o)
    0x08000150   0x08000150   0x000000a0   Code   RO           68    i.CAN_Receive       main.o
    0x080001f0   0x080001f0   0x00000078   Code   RO           69    i.CAN_Transmit      main.o
    0x08000268   0x08000268   0x000001a0   Code   RO           70    i.CEC_CAN_IRQHandler  main.o
    0x08000408   0x08000408   0x00000030   Code   RO           71    i.CRC_Calculate     main.o
    0x08000438   0x08000438   0x00000020   Code   RO          217    i.CRC_Init          main.o
    0x08000458   0x08000458   0x000000b8   Code   RO          222    i.Configure_CAN     main.o
    0x08000510   0x08000510   0x00000048   Code   RO          228    i.Configure_GPIO_CAN  main.o
    0x08000558   0x08000558   0x00000054   Code   RO          205    i.DeInit            main.o
    0x080005ac   0x080005ac   0x0000004c   Code   RO           72    i.FLASH_ErasePage   main.o
    0x080005f8   0x080005f8   0x0000003c   Code   RO           73    i.FLASH_GetStatus   main.o
    0x08000634   0x08000634   0x0000006c   Code   RO           74    i.FLASH_ProgramWord  main.o
    0x080006a0   0x080006a0   0x00000028   Code   RO           75    i.FLASH_WaitForLastOperation  main.o
    0x080006c8   0x080006c8   0x00000004   Code   RO           76    i.HardFault_Handler  main.o
    0x080006cc   0x080006cc   0x000000f8   Code   RO          240    i.Init_RCC          main.o
    0x080007c4   0x080007c4   0x0000002c   Code   RO          211    i.JumpToApplication  main.o
    0x080007f0   0x080007f0   0x00000020   Code   RO           77    i.NMI_Handler       main.o
    0x08000810   0x08000810   0x00000014   Code   RO           78    i.NVIC_EnableIRQ    main.o
    0x08000824   0x08000824   0x00000078   Code   RO           79    i.NVIC_SetPriority  main.o
    0x0800089c   0x0800089c   0x00000002   Code   RO           80    i.PendSV_Handler    main.o
    0x0800089e   0x0800089e   0x00000002   PAD
    0x080008a0   0x080008a0   0x0000002c   Code   RO           81    i.RCC_CRS_IRQHandler  main.o
    0x080008cc   0x080008cc   0x00000030   Code   RO          234    i.Remap_pin         main.o
    0x080008fc   0x080008fc   0x00000002   Code   RO           82    i.SVC_Handler       main.o
    0x080008fe   0x080008fe   0x00000002   PAD
    0x08000900   0x08000900   0x00000080   Code   RO           12    i.SetSysClock       system_stm32f0xx.o
    0x08000980   0x08000980   0x00000010   Code   RO           83    i.SysTick_Handler   main.o
    0x08000990   0x08000990   0x0000007c   Code   RO           14    i.SystemInit        system_stm32f0xx.o
    0x08000a0c   0x08000a0c   0x00000014   Code   RO           84    i.TransmitResponsePacket  main.o
    0x08000a20   0x08000a20   0x0000000e   Code   RO          288    i.__scatterload_copy  mc_p.l(handlers.o)
    0x08000a2e   0x08000a2e   0x00000002   Code   RO          289    i.__scatterload_null  mc_p.l(handlers.o)
    0x08000a30   0x08000a30   0x0000000e   Code   RO          290    i.__scatterload_zeroinit  mc_p.l(handlers.o)
    0x08000a3e   0x08000a3e   0x00000016   Code   RO           85    i.clear_Buffer      main.o
    0x08000a54   0x08000a54   0x00000016   Code   RO           86    i.copy_Buffer       main.o
    0x08000a6a   0x08000a6a   0x00000002   PAD
    0x08000a6c   0x08000a6c   0x00000018   Code   RO           87    i.delay_ms          main.o
    0x08000a84   0x08000a84   0x00000074   Code   RO           88    i.main              main.o
    0x08000af8   0x08000af8   0x00000020   Data   RO          286    Region$$Table       anon$$obj.o


    Execution Region RW_IRAM1 (Exec base: 0x20000000, Load base: 0x08000b18, Size: 0x00000850, Max: 0x00001800, ABSOLUTE)

    Exec Addr    Load Addr    Size         Type   Attr      Idx    E Section Name        Object

    0x20000000   0x08000b18   0x00000020   Data   RW           90    .data               main.o
    0x20000020        -       0x0000042c   Zero   RW           89    .bss                main.o
    0x2000044c   0x08000b38   0x00000004   PAD
    0x20000450        -       0x00000400   Zero   RW            1    STACK               startup_stm32f042x6.o


==============================================================================

Image component sizes


      Code (inc. data)   RO Data    RW Data    ZI Data      Debug   Object Name

      2184        220          0         32       1068      22273   main.o
        88         38        192          0       1024        756   startup_stm32f042x6.o
       252         24          0          0          0     160513   system_stm32f0xx.o

    ----------------------------------------------------------------------
      2530        282        224         32       2096     183542   Object Totals
         0          0         32          0          0          0   (incl. Generated)
         6          0          0          0          4          0   (incl. Padding)

    ----------------------------------------------------------------------

      Code (inc. data)   RO Data    RW Data    ZI Data      Debug   Library Member Name

         0          0          0          0          0          0   entry.o
         0          0          0          0          0          0   entry10a.o
         0          0          0          0          0          0   entry11a.o
         8          4          0          0          0          0   entry2.o
         4          0          0          0          0          0   entry5.o
         0          0          0          0          0          0   entry7b.o
         0          0          0          0          0          0   entry8b.o
         8          4          0          0          0          0   entry9a.o
        30          0          0          0          0          0   handlers.o
        36          8          0          0          0         68   init.o

    ----------------------------------------------------------------------
        86         16          0          0          0         68   Library Totals
         0          0          0          0          0          0   (incl. Padding)

    ----------------------------------------------------------------------

      Code (inc. data)   RO Data    RW Data    ZI Data      Debug   Library Name

        86         16          0          0          0         68   mc_p.l

    ----------------------------------------------------------------------
        86         16          0          0          0         68   Library Totals

    ----------------------------------------------------------------------

==============================================================================


      Code (inc. data)   RO Data    RW Data    ZI Data      Debug   

      2616        298        224         32       2096     182618   Grand Totals
      2616        298        224         32       2096     182618   ELF Image Totals
      2616        298        224         32          0          0   ROM Totals

==============================================================================

    Total RO  Size (Code + RO Data)                 2840 (   2.77kB)
    Total RW  Size (RW Data + ZI Data)              2128 (   2.08kB)
    Total ROM Size (Code + RO Data + RW Data)       2872 (   2.80kB)

==============================================================================

